open misc
open util/integer

pred true { no none }
pred false { some none }

one sig State {
 x : Int
}

one sig Const {
 X : Int
}

pred obligation {
(State.x = Const.X) => {
State.x = Const.X
}
}

check { obligation }
