open misc
open util/integer

pred true { no none }
pred false { some none }

one sig State {
 x,y,z : Int
}

one sig Const {
 
}

pred obligation {
(State.x.add[3] >= State.y) => {
State.x.add[3] >= State.y
}
}

check { obligation }
