open misc
open util/integer

pred true { no none }
pred false { some none }

one sig State {
 x,y,z : Int
}
one sig Const {
 X : Int,
Y : Int
}
assert allguards_3_8 {
(State.x = Const.X and State.y = Const.Y => (State.x >= State.y or (State.y >= State.x or false)))
}
check allguards_3_8

assert guard_3_8 {
(State.x = Const.X and State.y = Const.Y => (State.x >= State.y => State.x = Const.X and State.y = Const.Y and State.x = (State.y).((State.x).(max))))
}
check guard_3_8

assert guard_3_28 {
(State.x = Const.X and State.y = Const.Y => (State.y >= State.x => State.x = Const.X and State.y = Const.Y and State.y = (State.y).((State.x).(max))))
}
check guard_3_28

